// Jest Snapshot v1, https://goo.gl/fbAQLP

exports[`RemainingProductsSubcategory Component matches snapshot 1`] = `
<div
  data-testid="remaining-products-subcategory-component"
  style="padding: 20px;"
>
  <h2
    style="color: rgb(44, 62, 80); margin-bottom: 20px;"
  >
    Podkategorie - Pozostały asortyment
  </h2>
  <p
    style="color: rgb(127, 140, 141); font-size: 16px;"
  >
    Komponent podkategorii pozostałego asortymentu jest w trakcie budowy...
  </p>
</div>
`;
